mkdir: cannot create directory ‘/users/a/j/ajones76/projects/eco_genomics_2025/population_genomics/myresults/ANGSD/PCA_ADMIX’: File exists
------------------------------------
PCAngsd v1.36.1
Jonas Meisner and Anders Albrechtsen
Using 10 thread(s)
------------------------------------

Parsing Beagle file.
Loaded 971934 sites and 113 samples.
Estimating minor allele frequencies.
EM (MAF) converged at iteration: 7
Number of sites after MAF filtering (0.05): 697053

Estimating covariance matrix.
Using 2 principal components (manually selected).
Individual allele frequencies estimated (1).
Individual allele frequencies estimated (2).	RMSE=0.0028537
Individual allele frequencies estimated (3).	RMSE=0.0017149
Individual allele frequencies estimated (4).	RMSE=0.0011757
Individual allele frequencies estimated (5).	RMSE=0.0008570
Individual allele frequencies estimated (6).	RMSE=0.0006490
Individual allele frequencies estimated (7).	RMSE=0.1330374
Individual allele frequencies estimated (8).	RMSE=0.0003947
Individual allele frequencies estimated (9).	RMSE=0.0003156
Individual allele frequencies estimated (10).	RMSE=0.0002556
Individual allele frequencies estimated (11).	RMSE=0.0002097
Individual allele frequencies estimated (12).	RMSE=0.0001753
Individual allele frequencies estimated (13).	RMSE=0.0001484
Individual allele frequencies estimated (14).	RMSE=0.0001279
Individual allele frequencies estimated (15).	RMSE=0.0001114
Individual allele frequencies estimated (16).	RMSE=0.0000989
Individual allele frequencies estimated (17).	RMSE=0.0000891
Individual allele frequencies estimated (18).	RMSE=0.0000810
Individual allele frequencies estimated (19).	RMSE=0.0000753
Individual allele frequencies estimated (20).	RMSE=0.0000703
Individual allele frequencies estimated (21).	RMSE=0.0000665
Individual allele frequencies estimated (22).	RMSE=0.0000630
Individual allele frequencies estimated (23).	RMSE=0.0000603
Individual allele frequencies estimated (24).	RMSE=0.0000580
Individual allele frequencies estimated (25).	RMSE=0.0000560
Individual allele frequencies estimated (26).	RMSE=0.0000543
Individual allele frequencies estimated (27).	RMSE=0.0000527
Individual allele frequencies estimated (28).	RMSE=0.0000512
Individual allele frequencies estimated (29).	RMSE=0.0000498
Individual allele frequencies estimated (30).	RMSE=0.0000485
Individual allele frequencies estimated (31).	RMSE=0.0000472
Individual allele frequencies estimated (32).	RMSE=0.0000461
Individual allele frequencies estimated (33).	RMSE=0.0000449
Individual allele frequencies estimated (34).	RMSE=0.0000437
Individual allele frequencies estimated (35).	RMSE=0.0000426
Individual allele frequencies estimated (36).	RMSE=0.0000414
Individual allele frequencies estimated (37).	RMSE=0.0000405
Individual allele frequencies estimated (38).	RMSE=0.0000394
Individual allele frequencies estimated (39).	RMSE=0.0000381
Individual allele frequencies estimated (40).	RMSE=0.0000371
Individual allele frequencies estimated (41).	RMSE=0.0000359
Individual allele frequencies estimated (42).	RMSE=0.0000349
Individual allele frequencies estimated (43).	RMSE=0.0000338
Individual allele frequencies estimated (44).	RMSE=0.0000327
Individual allele frequencies estimated (45).	RMSE=0.0000316
Individual allele frequencies estimated (46).	RMSE=0.0000306
Individual allele frequencies estimated (47).	RMSE=0.0000295
Individual allele frequencies estimated (48).	RMSE=0.0000285
Individual allele frequencies estimated (49).	RMSE=0.0000274
Individual allele frequencies estimated (50).	RMSE=0.0000264
Individual allele frequencies estimated (51).	RMSE=0.0000254
Individual allele frequencies estimated (52).	RMSE=0.0000244
Individual allele frequencies estimated (53).	RMSE=0.0000234
Individual allele frequencies estimated (54).	RMSE=0.0000225
Individual allele frequencies estimated (55).	RMSE=0.0000215
Individual allele frequencies estimated (56).	RMSE=0.0000206
Individual allele frequencies estimated (57).	RMSE=0.0000197
Individual allele frequencies estimated (58).	RMSE=0.0000187
Individual allele frequencies estimated (59).	RMSE=0.0000180
Individual allele frequencies estimated (60).	RMSE=0.0000170
Individual allele frequencies estimated (61).	RMSE=0.0000164
Individual allele frequencies estimated (62).	RMSE=0.0000154
Individual allele frequencies estimated (63).	RMSE=0.0000147
Individual allele frequencies estimated (64).	RMSE=0.0000142
Individual allele frequencies estimated (65).	RMSE=0.0000132
Individual allele frequencies estimated (66).	RMSE=0.0000126
Individual allele frequencies estimated (67).	RMSE=0.0000121
Individual allele frequencies estimated (68).	RMSE=0.0000113
Individual allele frequencies estimated (69).	RMSE=0.0000117
Individual allele frequencies estimated (70).	RMSE=0.0000101
Individual allele frequencies estimated (71).	RMSE=0.0000094
PCAngsd converged.
Saved covariance matrix as /users/a/j/ajones76/projects/eco_genomics_2025/population_genomics/myresults/ANGSD/PCA_ADMIX/RSBS_poly_K3.cov

Estimating admixture proportions using NMF (CSG-MU).
K=3, Alpha=0.0, Batches=10, Seed=0
CSG-MU (1).	RMSE=0.260921673
CSG-MU (2).	RMSE=0.091781662
CSG-MU (3).	RMSE=0.155792366
CSG-MU (4).	RMSE=0.048779933
CSG-MU (5).	RMSE=0.024868693
CSG-MU (6).	RMSE=0.009633626
CSG-MU (7).	RMSE=0.005137398
CSG-MU (8).	RMSE=0.003222573
CSG-MU (9).	RMSE=0.002253162
CSG-MU (10).	RMSE=0.001493768
CSG-MU (11).	RMSE=0.001100074
CSG-MU (12).	RMSE=0.000824041
CSG-MU (13).	RMSE=0.000601781
CSG-MU (14).	RMSE=0.000457180
CSG-MU (15).	RMSE=0.000363361
CSG-MU (16).	RMSE=0.000283282
CSG-MU (17).	RMSE=0.000226984
CSG-MU (18).	RMSE=0.000177729
CSG-MU (19).	RMSE=0.000145427
CSG-MU (20).	RMSE=0.000116871
CSG-MU (21).	RMSE=0.000095386
CSG-MU (22).	RMSE=0.000076154
CSG-MU (23).	RMSE=0.000062202
CSG-MU (24).	RMSE=0.000051328
CSG-MU (25).	RMSE=0.000042450
CSG-MU (26).	RMSE=0.000034307
CSG-MU (27).	RMSE=0.000029758
CSG-MU (28).	RMSE=0.000024359
CSG-MU (29).	RMSE=0.000018177
CSG-MU (30).	RMSE=0.000015487
CSG-MU (31).	RMSE=0.000012356
CSG-MU (32).	RMSE=0.000010623
CSG-MU (33).	RMSE=0.000008844
Converged.
Frobenius error: 54.59177
Log-likelihood: -59635613.19046
Saved admixture proportions as /users/a/j/ajones76/projects/eco_genomics_2025/population_genomics/myresults/ANGSD/PCA_ADMIX/RSBS_poly_K3.admix.3.Q
Saved ancestral allele frequencies proportions as /users/a/j/ajones76/projects/eco_genomics_2025/population_genomics/myresults/ANGSD/PCA_ADMIX/RSBS_poly_K3.admix.3.P

Total elapsed time: 3m29s
